16:11:27 **** Auto Build of configuration Debug for project ImageOverwriting ****
make pre-build main-build 
a9-linaro-pre-build-step
' '
'Building file: ../src/ImageOverwrite.c'
'Invoking: ARM v7 gcc compiler'
arm-none-eabi-gcc -Wall -O0 -g3 -c -fmessage-length=0 -MT"src/ImageOverwrite.o" -mcpu=cortex-a9 -mfpu=vfpv3 -mfloat-abi=hard -I../../ImageOverwriting_bsp/ps7_cortexa9_0/include -MMD -MP -MF"src/ImageOverwrite.d" -MT"src/ImageOverwrite.o" -o "src/ImageOverwrite.o" "../src/ImageOverwrite.c"
'Finished building: ../src/ImageOverwrite.c'
' '
'Building file: ../src/init_bram.c'
'Invoking: ARM v7 gcc compiler'
arm-none-eabi-gcc -Wall -O0 -g3 -c -fmessage-length=0 -MT"src/init_bram.o" -mcpu=cortex-a9 -mfpu=vfpv3 -mfloat-abi=hard -I../../ImageOverwriting_bsp/ps7_cortexa9_0/include -MMD -MP -MF"src/init_bram.d" -MT"src/init_bram.o" -o "src/init_bram.o" "../src/init_bram.c"
'Finished building: ../src/init_bram.c'
' '
'Building file: ../src/platform.c'
'Invoking: ARM v7 gcc compiler'
arm-none-eabi-gcc -Wall -O0 -g3 -c -fmessage-length=0 -MT"src/platform.o" -mcpu=cortex-a9 -mfpu=vfpv3 -mfloat-abi=hard -I../../ImageOverwriting_bsp/ps7_cortexa9_0/include -MMD -MP -MF"src/platform.d" -MT"src/platform.o" -o "src/platform.o" "../src/platform.c"
'Finished building: ../src/platform.c'
' '
'Building target: ImageOverwriting.elf'
'Invoking: ARM v7 gcc linker'
arm-none-eabi-gcc -mcpu=cortex-a9 -mfpu=vfpv3 -mfloat-abi=hard -Wl,-build-id=none -specs=Xilinx.spec -Wl,-T -Wl,../src/lscript.ld -L../../ImageOverwriting_bsp/ps7_cortexa9_0/lib -o "ImageOverwriting.elf"  ./src/ImageOverwrite.o ./src/init_bram.o ./src/platform.o   -Wl,--start-group,-lxil,-lgcc,-lc,--end-group -Wl,--start-group,-lxilffs,-lxil,-lgcc,-lc,--end-group -Wl,--start-group,-lrsa,-lxil,-lgcc,-lc,--end-group
'Finished building target: ImageOverwriting.elf'
' '
'Invoking: ARM v7 Print Size'
arm-none-eabi-size ImageOverwriting.elf  |tee "ImageOverwriting.elf.size"
   text	   data	    bss	    dec	    hex	filename
  44312	   1152	 153640	 199104	  309c0	ImageOverwriting.elf
'Finished building: ImageOverwriting.elf.size'
' '

16:11:29 Build Finished (took 1s.507ms)

